###############################################################################
#
# IAR ELF Linker V2.20.1.176 for STM8                     03/Aug/2019  11:10:28
# Copyright 2010-2015 IAR Systems AB.
#
#    Output file  =  
#        G:\CProgram\±àÂëÐýÅ¥\MiniCaller\Project\Debug\Exe\MiniCaller.out
#    Map file     =  
#        G:\CProgram\±àÂëÐýÅ¥\MiniCaller\Project\Debug\List\MiniCaller.map
#    Command line =  
#        G:\CProgram\±àÂëÐýÅ¥\MiniCaller\Project\Debug\Obj\global.o
#        G:\CProgram\±àÂëÐýÅ¥\MiniCaller\Project\Debug\Obj\key.o
#        G:\CProgram\±àÂëÐýÅ¥\MiniCaller\Project\Debug\Obj\led.o
#        G:\CProgram\±àÂëÐýÅ¥\MiniCaller\Project\Debug\Obj\main.o
#        G:\CProgram\±àÂëÐýÅ¥\MiniCaller\Project\Debug\Obj\rf.o
#        G:\CProgram\±àÂëÐýÅ¥\MiniCaller\Project\Debug\Obj\stm8l15x_clk.o
#        G:\CProgram\±àÂëÐýÅ¥\MiniCaller\Project\Debug\Obj\stm8l15x_exti.o
#        G:\CProgram\±àÂëÐýÅ¥\MiniCaller\Project\Debug\Obj\stm8l15x_gpio.o
#        G:\CProgram\±àÂëÐýÅ¥\MiniCaller\Project\Debug\Obj\stm8l15x_it.o
#        G:\CProgram\±àÂëÐýÅ¥\MiniCaller\Project\Debug\Obj\stm8l15x_itc.o
#        G:\CProgram\±àÂëÐýÅ¥\MiniCaller\Project\Debug\Obj\stm8l15x_pwr.o
#        G:\CProgram\±àÂëÐýÅ¥\MiniCaller\Project\Debug\Obj\stm8l15x_tim2.o
#        G:\CProgram\±àÂëÐýÅ¥\MiniCaller\Project\Debug\Obj\stm8l15x_tim4.o
#        G:\CProgram\±àÂëÐýÅ¥\MiniCaller\Project\Debug\Obj\stm8l15x_usart.o
#        G:\CProgram\±àÂëÐýÅ¥\MiniCaller\Project\Debug\Obj\stm8l15x_wwdg.o
#        G:\CProgram\±àÂëÐýÅ¥\MiniCaller\Project\Debug\Obj\syniotRoundRF.o
#        --redirect _Printf=_PrintfSmall --redirect _Scanf=_ScanfSmall -o
#        G:\CProgram\±àÂëÐýÅ¥\MiniCaller\Project\Debug\Exe\MiniCaller.out --map
#        G:\CProgram\±àÂëÐýÅ¥\MiniCaller\Project\Debug\List\MiniCaller.map
#        --config E:\IAR\stm8\config\lnkstm8l051f3.icf --config_def
#        _CSTACK_SIZE=0x100 --config_def _HEAP_SIZE=0x100 --entry
#        __iar_program_start --debug_lib
#
###############################################################################

*******************************************************************************
*** RUNTIME MODEL ATTRIBUTES
***

__SystemLibrary            = DLib
__code_model               = small
__core                     = stm8
__data_model               = medium
__dlib_file_descriptor     = 0
__dlib_full_locale_support = 0
__rt_version               = 4


*******************************************************************************
*** PLACEMENT SUMMARY
***

"A1":  place at start of [0x000000-0x0000ff] { rw section .vregs };
"A2":  place at end of [0x000000-0x0003ff] { block CSTACK };
"P2":  place in [from 0x000000 to 0x0003ff] {
          block HEAP, rw section __DLIB_PERTHREAD, rw section .far.bss,
          rw section .far.data, rw section .far.noinit,
          rw section .far_func.textrw, rw section .huge.bss,
          rw section .huge.data, rw section .huge.noinit,
          rw section .huge_func.textrw, rw section .iar.dynexit,
          rw section .near.bss, rw section .near.data, rw section .near.noinit,
          rw section .near_func.textrw };
"A3":  place at start of [0x008000-0x009fff] { block INTVEC };
"P3":  place in [from 0x008000 to 0x009fff] {
          ro section __DLIB_PERTHREAD_init, ro section .far.data_init,
          ro section .far_func.textrw_init, ro section .huge.data_init,
          ro section .huge_func.textrw_init, ro section .iar.init_table,
          ro section .init_array, ro section .near.data_init,
          ro section .near.rodata, ro section .near_func.text,
          ro section .near_func.textrw_init, ro section .tiny.data_init,
          ro section .tiny.rodata_init };

  Section            Kind      Address   Size  Object
  -------            ----      -------   ----  ------
"A1":                                     0xc
  .vregs             uninit   0x000000    0xc  vregs.o [4]
                            - 0x00000c    0xc

"P2":                                    0x23
  P2-1                        0x00000c   0x23  <Init block>
    .near.data       inited   0x00000c    0x1  key.o [1]
    .near.data       inited   0x00000d    0x5  syniotRoundRF.o [1]
    .near.bss        inited   0x000012    0x2  global.o [1]
    .near.bss        inited   0x000014    0x1  key.o [1]
    .near.bss        inited   0x000015    0x1  key.o [1]
    .near.bss        inited   0x000016   0x14  main.o [1]
    .near.bss        inited   0x00002a    0x1  main.o [1]
    .near.bss        inited   0x00002b    0x2  stm8l15x_it.o [1]
    .near.bss        inited   0x00002d    0x2  stm8l15x_it.o [1]
                            - 0x00002f   0x23

"A2":                                   0x100
  CSTACK                      0x000300  0x100  <Block>
    CSTACK           uninit   0x000300  0x100  <Block tail>
                            - 0x000400  0x100

"A3":                                    0x80
  INTVEC                      0x008000   0x80  <Block>
    .intvec          const    0x008000   0x80  interrupt.o [4]
                            - 0x008080   0x80

"P3":                                   0xd4c
  .near_func.text    ro code  0x008080  0x3b0  led.o [1]
  .near_func.text    ro code  0x008430  0x10d  stm8l15x_exti.o [1]
  .near_func.text    ro code  0x00853d   0xcc  key.o [1]
  .near_func.text    ro code  0x008609   0xc8  led.o [1]
  .near_func.text    ro code  0x0086d1   0xaf  stm8l15x_gpio.o [1]
  .near_func.text    ro code  0x008780   0x8c  stm8l15x_it.o [1]
  .near_func.text    ro code  0x00880c   0x89  stm8l15x_clk.o [1]
  .near_func.text    ro code  0x008895   0x82  stm8l15x_it.o [1]
  .near_func.text    ro code  0x008917   0x70  vreg_util.o [4]
  .near_func.text    ro code  0x008987   0x65  stm8l15x_tim2.o [1]
  .near_func.text    ro code  0x0089ec   0x50  led.o [1]
  .near_func.text    ro code  0x008a3c   0x29  stm8l15x_it.o [1]
  .near_func.text    ro code  0x008a65   0x28  init_small.o [4]
  .near_func.text    ro code  0x008a8d   0x27  key.o [1]
  .near_func.text    ro code  0x008ab4   0x27  stm8l15x_it.o [1]
  .near_func.text    ro code  0x008adb   0x26  short.o [4]
  .near_func.text    ro code  0x008b01   0x24  stm8l15x_tim2.o [1]
  .near_func.text    ro code  0x008b25   0x23  global.o [1]
  .near_func.text    ro code  0x008b48   0x23  global.o [1]
  .near_func.text    ro code  0x008b6b   0x23  main.o [1]
  Initializer bytes  const    0x008b8e   0x23  <for P2-1>
  .near_func.text    ro code  0x008bb1   0x21  stm8l15x_exti.o [1]
  .near_func.text    ro code  0x008bd2   0x21  stm8l15x_exti.o [1]
  .near_func.text    ro code  0x008bf3   0x21  stm8l15x_tim4.o [1]
  .iar.init_table    const    0x008c14    0xa  - Linker created -
  .near_func.text    ro code  0x008c1e   0x20  stm8l15x_it.o [1]
  .near_func.text    ro code  0x008c3e   0x1f  global.o [1]
  .near_func.text    ro code  0x008c5d   0x1e  main.o [1]
  .near_func.text    ro code  0x008c7b   0x18  syniotRoundRF.o [1]
  .near_func.text    ro code  0x008c93   0x17  init.o [4]
  .near_func.text    ro code  0x008caa   0x14  __dbg_xxexit.o [3]
  .near_func.text    ro code  0x008cbe   0x13  stm8l15x_tim2.o [1]
  .near_func.text    ro code  0x008cd1   0x13  stm8l15x_tim4.o [1]
  .near_func.text    ro code  0x008ce4   0x13  cstartup.o [4]
  .near_func.text    ro code  0x008cf7   0x12  key.o [1]
  .near_func.text    ro code  0x008d09   0x11  stm8l15x_tim4.o [1]
  .near_func.text    ro code  0x008d1a    0xf  syniotRoundRF.o [1]
  .near_func.text    ro code  0x008d29    0xd  stm8l15x_tim2.o [1]
  .near_func.text    ro code  0x008d36    0xd  stm8l15x_tim4.o [1]
  .near_func.text    ro code  0x008d43    0xc  key.o [1]
  .near_func.text    ro code  0x008d4f    0xc  rf.o [1]
  .near_func.text    ro code  0x008d5b    0xb  stm8l15x_tim2.o [1]
  .near_func.text    ro code  0x008d66    0x9  stm8l15x_gpio.o [1]
  .near_func.text    ro code  0x008d6f    0x8  main.o [1]
  .near_func.text    ro code  0x008d77    0x8  stm8l15x_usart.o [1]
  .near_func.text    ro code  0x008d7f    0x7  stm8l15x_gpio.o [1]
  .near_func.text    ro code  0x008d86    0x5  stm8l15x_tim4.o [1]
  .near_func.text    ro code  0x008d8b    0x5  stm8l15x_usart.o [1]
  .near_func.text    ro code  0x008d90    0x5  stm8l15x_usart.o [1]
  .near_func.text    ro code  0x008d95    0x5  cexit.o [4]
  .near_func.text    ro code  0x008d9a    0x4  global.o [1]
  .near_func.text    ro code  0x008d9e    0x4  stm8l15x_clk.o [1]
  .near_func.text    ro code  0x008da2    0x4  stm8l15x_gpio.o [1]
  .near_func.text    ro code  0x008da6    0x3  interrupt.o [4]
  .near_func.text    ro code  0x008da9    0x3  low_level_init.o [4]
  .near_func.text    ro code  0x008dac    0x3  exit.o [4]
  .near_func.text    ro code  0x008daf    0x3  unhandled_exception.o [4]
  .near_func.text    ro code  0x008db2    0x1  stm8l15x_it.o [1]
  .near_func.text    ro code  0x008db3    0x1  stm8l15x_it.o [1]
  .near_func.text    ro code  0x008db4    0x1  stm8l15x_it.o [1]
  .near_func.text    ro code  0x008db5    0x1  stm8l15x_it.o [1]
  .near_func.text    ro code  0x008db6    0x1  stm8l15x_it.o [1]
  .near_func.text    ro code  0x008db7    0x1  stm8l15x_it.o [1]
  .near_func.text    ro code  0x008db8    0x1  stm8l15x_it.o [1]
  .near_func.text    ro code  0x008db9    0x1  stm8l15x_it.o [1]
  .near_func.text    ro code  0x008dba    0x1  stm8l15x_it.o [1]
  .near_func.text    ro code  0x008dbb    0x1  stm8l15x_it.o [1]
  .near_func.text    ro code  0x008dbc    0x1  stm8l15x_it.o [1]
  .near_func.text    ro code  0x008dbd    0x1  stm8l15x_it.o [1]
  .near_func.text    ro code  0x008dbe    0x1  stm8l15x_it.o [1]
  .near_func.text    ro code  0x008dbf    0x1  stm8l15x_it.o [1]
  .near_func.text    ro code  0x008dc0    0x1  stm8l15x_it.o [1]
  .near_func.text    ro code  0x008dc1    0x1  stm8l15x_it.o [1]
  .near_func.text    ro code  0x008dc2    0x1  stm8l15x_it.o [1]
  .near_func.text    ro code  0x008dc3    0x1  stm8l15x_it.o [1]
  .near_func.text    ro code  0x008dc4    0x1  stm8l15x_it.o [1]
  .near_func.text    ro code  0x008dc5    0x1  stm8l15x_it.o [1]
  .near_func.text    ro code  0x008dc6    0x1  stm8l15x_it.o [1]
  .near_func.text    ro code  0x008dc7    0x1  stm8l15x_it.o [1]
  .near_func.text    ro code  0x008dc8    0x1  stm8l15x_it.o [1]
  .near_func.text    ro code  0x008dc9    0x1  stm8l15x_it.o [1]
  .near_func.text    ro code  0x008dca    0x1  stm8l15x_it.o [1]
  .near_func.text    ro code  0x008dcb    0x1  __dbg_break.o [3]
                            - 0x008dcc  0xd4c


*******************************************************************************
*** INIT TABLE
***

          Address   Size
          -------   ----
Copy (__iar_copy_init2)
    1 source range, total size 0x23:
          0x008b8e  0x23
    1 destination range, total size 0x23:
          0x00000c  0x23



*******************************************************************************
*** MODULE SUMMARY
***

    Module                 ro code  ro data  rw data
    ------                 -------  -------  -------
G:\CProgram\±àÂëÐýÅ¥\MiniCaller\Project\Debug\Obj: [1]
    global.o                   105        2        2
    key.o                      273        3        3
    led.o                    1 224
    main.o                      73       21       21
    rf.o                        12
    stm8l15x_clk.o             141
    stm8l15x_exti.o            335
    stm8l15x_gpio.o            195
    stm8l15x_it.o              407        4        4
    stm8l15x_tim2.o            180
    stm8l15x_tim4.o             87
    stm8l15x_usart.o            18
    syniotRoundRF.o             39        5        5
    ------------------------------------------------
    Total:                   3 089       35       35

command line: [2]
    ------------------------------------------------
    Total:

dbgstm8smd.a: [3]
    __dbg_break.o                1
    __dbg_xxexit.o              20
    ------------------------------------------------
    Total:                      21

dlstm8smn.a: [4]
    cexit.o                      5
    cstartup.o                  19
    exit.o                       3
    init.o                      23
    init_small.o                40
    interrupt.o                  3      128
    low_level_init.o             3
    short.o                     38
    unhandled_exception.o        3
    vreg_util.o                112
    vregs.o                                       12
    ------------------------------------------------
    Total:                     249      128       12

    Linker created                       10      256
----------------------------------------------------
    Grand Total:             3 359      173      303


*******************************************************************************
*** ENTRY LIST
***

Entry                    Address   Size  Type      Object
-----                    -------   ----  ----      ------
.iar.init_table$$Base   0x008c14          --   Gb  - Linker created -
.iar.init_table$$Limit  0x008c1e          --   Gb  - Linker created -
?b0                     0x000000         Data  Gb  vregs.o [4]
?b1                     0x000001         Data  Gb  vregs.o [4]
?b10                    0x00000a         Data  Gb  vregs.o [4]
?b11                    0x00000b         Data  Gb  vregs.o [4]
?b2                     0x000002         Data  Gb  vregs.o [4]
?b3                     0x000003         Data  Gb  vregs.o [4]
?b4                     0x000004         Data  Gb  vregs.o [4]
?b5                     0x000005         Data  Gb  vregs.o [4]
?b6                     0x000006         Data  Gb  vregs.o [4]
?b7                     0x000007         Data  Gb  vregs.o [4]
?b8                     0x000008         Data  Gb  vregs.o [4]
?b9                     0x000009         Data  Gb  vregs.o [4]
?e0                     0x000001         Data  Gb  vregs.o [4]
?e1                     0x000005         Data  Gb  vregs.o [4]
?e2                     0x000009         Data  Gb  vregs.o [4]
?epilogue_w4            0x008983         Code  Gb  vreg_util.o [4]
?l0                     0x000000         Data  Gb  vregs.o [4]
?l1                     0x000004         Data  Gb  vregs.o [4]
?l2                     0x000008         Data  Gb  vregs.o [4]
?mul16_x_x_w0           0x008adb         Code  Gb  short.o [4]
?pop_l0                 0x008965         Code  Gb  vreg_util.o [4]
?pop_l1                 0x008970         Code  Gb  vreg_util.o [4]
?pop_w4                 0x00892f         Code  Gb  vreg_util.o [4]
?push_l0                0x00893e         Code  Gb  vreg_util.o [4]
?push_l1                0x008943         Code  Gb  vreg_util.o [4]
?push_w4                0x008917         Code  Gb  vreg_util.o [4]
?sll16_x_x_a            0x008af9         Code  Gb  short.o [4]
?w0                     0x000000         Data  Gb  vregs.o [4]
?w1                     0x000002         Data  Gb  vregs.o [4]
?w2                     0x000004         Data  Gb  vregs.o [4]
?w3                     0x000006         Data  Gb  vregs.o [4]
?w4                     0x000008         Data  Gb  vregs.o [4]
?w5                     0x00000a         Data  Gb  vregs.o [4]
ADC1_COMP_IRQHandler    0x008dc2    0x1  Code  Gb  stm8l15x_it.o [1]
CLK_PeripheralClockConfig
                        0x00880c   0x89  Code  Gb  stm8l15x_clk.o [1]
CLK_SYSCLKDivConfig     0x008d9e    0x4  Code  Gb  stm8l15x_clk.o [1]
CSTACK$$Base            0x000300          --   Gb  - Linker created -
CSTACK$$Limit           0x000400          --   Gb  - Linker created -
Count_Timer2_Init       0x008b48   0x23  Code  Gb  global.o [1]
Count_Timer4_Init       0x008b25   0x23  Code  Gb  global.o [1]
DMA1_CHANNEL0_1_IRQHandler
                        0x008db4    0x1  Code  Gb  stm8l15x_it.o [1]
DMA1_CHANNEL2_3_IRQHandler
                        0x008db5    0x1  Code  Gb  stm8l15x_it.o [1]
Delay_ms                0x008c3e   0x1f  Code  Gb  global.o [1]
EXTI0_IRQHandler        0x008c1e   0x20  Code  Gb  stm8l15x_it.o [1]
EXTI1_IRQHandler        0x008dba    0x1  Code  Gb  stm8l15x_it.o [1]
EXTI2_IRQHandler        0x008dbb    0x1  Code  Gb  stm8l15x_it.o [1]
EXTI3_IRQHandler        0x008dbc    0x1  Code  Gb  stm8l15x_it.o [1]
EXTI4_IRQHandler        0x008dbd    0x1  Code  Gb  stm8l15x_it.o [1]
EXTI5_IRQHandler        0x008dbe    0x1  Code  Gb  stm8l15x_it.o [1]
EXTI6_IRQHandler        0x008895   0x82  Code  Gb  stm8l15x_it.o [1]
EXTI7_IRQHandler        0x008dbf    0x1  Code  Gb  stm8l15x_it.o [1]
EXTIB_G_IRQHandler      0x008db8    0x1  Code  Gb  stm8l15x_it.o [1]
EXTID_H_IRQHandler      0x008db9    0x1  Code  Gb  stm8l15x_it.o [1]
EXTIE_F_PVD_IRQHandler  0x008db7    0x1  Code  Gb  stm8l15x_it.o [1]
EXTI_ClearITPendingBit  0x008bd2   0x21  Code  Gb  stm8l15x_exti.o [1]
EXTI_DeInit             0x008bb1   0x21  Code  Gb  stm8l15x_exti.o [1]
EXTI_SetPinSensitivity  0x008430  0x10d  Code  Gb  stm8l15x_exti.o [1]
FLASH_IRQHandler        0x008db3    0x1  Code  Gb  stm8l15x_it.o [1]
GPIO_Init               0x0086d1   0xaf  Code  Gb  stm8l15x_gpio.o [1]
GPIO_ReadInputDataBit   0x008d66    0x9  Code  Gb  stm8l15x_gpio.o [1]
GPIO_ResetBits          0x008da2    0x4  Code  Gb  stm8l15x_gpio.o [1]
GPIO_SetBits            0x008d7f    0x7  Code  Gb  stm8l15x_gpio.o [1]
GetKey                  0x00853d   0xcc  Code  Gb  key.o [1]
I2C1_SPI2_IRQHandler    0x008dca    0x1  Code  Gb  stm8l15x_it.o [1]
INTVEC$$Base            0x008000          --   Gb  - Linker created -
INTVEC$$Limit           0x008080          --   Gb  - Linker created -
KeyScan                 0x008cf7   0x12  Code  Lc  key.o [1]
LCD_AES_IRQHandler      0x008dc0    0x1  Code  Gb  stm8l15x_it.o [1]
LED_Init                0x008609   0xc8  Code  Gb  led.o [1]
RF_Init                 0x008d4f    0xc  Code  Gb  rf.o [1]
RTC_CSSLSE_IRQHandler   0x008db6    0x1  Code  Gb  stm8l15x_it.o [1]
Region$$Table$$Base     0x008c14          --   Gb  - Linker created -
Region$$Table$$Limit    0x008c1e          --   Gb  - Linker created -
SPI1_IRQHandler         0x008dc8    0x1  Code  Gb  stm8l15x_it.o [1]
SWITCH_CSS_BREAK_DAC_IRQHandler
                        0x008dc1    0x1  Code  Gb  stm8l15x_it.o [1]
Syniot_RF_BUFF          0x00000d    0x5  Data  Gb  syniotRoundRF.o [1]
System_Initializes      0x008b6b   0x23  Code  Gb  main.o [1]
TIM1_CC_IRQHandler      0x008dc7    0x1  Code  Gb  stm8l15x_it.o [1]
TIM1_UPD_OVF_TRG_COM_IRQHandler
                        0x008dc6    0x1  Code  Gb  stm8l15x_it.o [1]
TIM2_CC_USART2_RX_IRQHandler
                        0x008dc3    0x1  Code  Gb  stm8l15x_it.o [1]
TIM2_ClearFlag          0x008d5b    0xb  Code  Gb  stm8l15x_tim2.o [1]
TIM2_Cmd                0x008d29    0xd  Code  Gb  stm8l15x_tim2.o [1]
TIM2_DeInit             0x008987   0x65  Code  Gb  stm8l15x_tim2.o [1]
TIM2_ITConfig           0x008cbe   0x13  Code  Gb  stm8l15x_tim2.o [1]
TIM2_TimeBaseInit       0x008b01   0x24  Code  Gb  stm8l15x_tim2.o [1]
TIM2_UPD_OVF_TRG_BRK_USART2_TX_IRQHandler
                        0x008ab4   0x27  Code  Gb  stm8l15x_it.o [1]
TIM3_CC_USART3_RX_IRQHandler
                        0x008dc5    0x1  Code  Gb  stm8l15x_it.o [1]
TIM3_UPD_OVF_TRG_BRK_USART3_TX_IRQHandler
                        0x008dc4    0x1  Code  Gb  stm8l15x_it.o [1]
TIM4_ClearITPendingBit  0x008d86    0x5  Code  Gb  stm8l15x_tim4.o [1]
TIM4_Cmd                0x008d36    0xd  Code  Gb  stm8l15x_tim4.o [1]
TIM4_DeInit             0x008bf3   0x21  Code  Gb  stm8l15x_tim4.o [1]
TIM4_ITConfig           0x008cd1   0x13  Code  Gb  stm8l15x_tim4.o [1]
TIM4_TimeBaseInit       0x008d09   0x11  Code  Gb  stm8l15x_tim4.o [1]
TIM4_UPD_OVF_TRG_IRQHandler
                        0x008780   0x8c  Code  Gb  stm8l15x_it.o [1]
TRAP_IRQHandler         0x008db2    0x1  Code  Gb  stm8l15x_it.o [1]
USART1_RX_TIM5_CC_IRQHandler
                        0x008a3c   0x29  Code  Gb  stm8l15x_it.o [1]
USART1_TX_TIM5_UPD_OVF_TRG_BRK_IRQHandler
                        0x008dc9    0x1  Code  Gb  stm8l15x_it.o [1]
USART_ClearITPendingBit
                        0x008d90    0x5  Code  Gb  stm8l15x_usart.o [1]
USART_ReceiveData8      0x008d8b    0x5  Code  Gb  stm8l15x_usart.o [1]
USART_SendData8         0x008d77    0x8  Code  Gb  stm8l15x_usart.o [1]
__DebugBreak            0x008dcb    0x1  Code  Gb  __dbg_break.o [3]
__exit                  0x008caa   0x14  Code  Gb  __dbg_xxexit.o [3]
__iar_copy_init2        0x008a65         Code  Gb  init_small.o [4]
__iar_data_init2        0x008c93   0x17  Code  Gb  init.o [4]
__iar_program_start     0x008ce4         Code  Gb  cstartup.o [4]
__iar_unhandled_exception
                        0x008daf         Code  Gb  unhandled_exception.o [4]
__intvec                0x008000         Data  Gb  interrupt.o [4]
__low_level_init        0x008da9    0x3  Code  Gb  low_level_init.o [4]
_exit                   0x008d95         Code  Gb  cexit.o [4]
_interrupt_1            0x008db2         Code  Gb  stm8l15x_it.o [1]
_interrupt_10           0x008c1e         Code  Gb  stm8l15x_it.o [1]
_interrupt_11           0x008dba         Code  Gb  stm8l15x_it.o [1]
_interrupt_12           0x008dbb         Code  Gb  stm8l15x_it.o [1]
_interrupt_13           0x008dbc         Code  Gb  stm8l15x_it.o [1]
_interrupt_14           0x008dbd         Code  Gb  stm8l15x_it.o [1]
_interrupt_15           0x008dbe         Code  Gb  stm8l15x_it.o [1]
_interrupt_16           0x008895         Code  Gb  stm8l15x_it.o [1]
_interrupt_17           0x008dbf         Code  Gb  stm8l15x_it.o [1]
_interrupt_18           0x008dc0         Code  Gb  stm8l15x_it.o [1]
_interrupt_19           0x008dc1         Code  Gb  stm8l15x_it.o [1]
_interrupt_20           0x008dc2         Code  Gb  stm8l15x_it.o [1]
_interrupt_21           0x008ab4         Code  Gb  stm8l15x_it.o [1]
_interrupt_22           0x008dc3         Code  Gb  stm8l15x_it.o [1]
_interrupt_23           0x008dc4         Code  Gb  stm8l15x_it.o [1]
_interrupt_24           0x008dc5         Code  Gb  stm8l15x_it.o [1]
_interrupt_25           0x008dc6         Code  Gb  stm8l15x_it.o [1]
_interrupt_26           0x008dc7         Code  Gb  stm8l15x_it.o [1]
_interrupt_27           0x008780         Code  Gb  stm8l15x_it.o [1]
_interrupt_28           0x008dc8         Code  Gb  stm8l15x_it.o [1]
_interrupt_29           0x008dc9         Code  Gb  stm8l15x_it.o [1]
_interrupt_3            0x008db3         Code  Gb  stm8l15x_it.o [1]
_interrupt_30           0x008a3c         Code  Gb  stm8l15x_it.o [1]
_interrupt_31           0x008dca         Code  Gb  stm8l15x_it.o [1]
_interrupt_4            0x008db4         Code  Gb  stm8l15x_it.o [1]
_interrupt_5            0x008db5         Code  Gb  stm8l15x_it.o [1]
_interrupt_6            0x008db6         Code  Gb  stm8l15x_it.o [1]
_interrupt_7            0x008db7         Code  Gb  stm8l15x_it.o [1]
_interrupt_8            0x008db8         Code  Gb  stm8l15x_it.o [1]
_interrupt_9            0x008db9         Code  Gb  stm8l15x_it.o [1]
clock_Init              0x008d9a    0x4  Code  Gb  global.o [1]
ec_pin_init             0x008c7b   0x18  Code  Gb  syniotRoundRF.o [1]
exit                    0x008dac    0x3  Code  Gb  exit.o [4]
key_io_init             0x008d43    0xc  Code  Gb  key.o [1]
keydeal                 0x008c5d   0x1e  Code  Gb  main.o [1]
keyloop                 0x008a8d   0x27  Code  Gb  key.o [1]
keyscantime             0x000012    0x2  Data  Gb  global.o [1]
led_all_off             0x0089ec   0x50  Code  Gb  led.o [1]
led_nunber              0x008080  0x3b0  Code  Gb  led.o [1]
main                    0x008d6f    0x8  Code  Gb  main.o [1]
syniotRF                0x000016   0x14  Data  Gb  main.o [1]
time_start_count        0x008d1a    0xf  Code  Gb  syniotRoundRF.o [1]


[1] = G:\CProgram\±àÂëÐýÅ¥\MiniCaller\Project\Debug\Obj
[2] = command line
[3] = dbgstm8smd.a
[4] = dlstm8smn.a

  3 359 bytes of readonly  code memory
    173 bytes of readonly  data memory
    303 bytes of readwrite data memory

Errors: none
Warnings: none
